Archive member included to satisfy reference by file (symbol)

d:/programs/stm32/stm32cubeide_1.7.0/stm32cubeide/plugins/com.st.stm32cube.ide.mcu.externaltools.gnu-tools-for-stm32.9-2020-q2-update.win32_2.0.0.202105311346/tools/bin/../lib/gcc/arm-none-eabi/9.3.1/../../../../arm-none-eabi/lib/thumb/v7-m/nofp\libc_nano.a(lib_a-errno.o)
                              ./Core/Src/syscalls.o (__errno)
d:/programs/stm32/stm32cubeide_1.7.0/stm32cubeide/plugins/com.st.stm32cube.ide.mcu.externaltools.gnu-tools-for-stm32.9-2020-q2-update.win32_2.0.0.202105311346/tools/bin/../lib/gcc/arm-none-eabi/9.3.1/../../../../arm-none-eabi/lib/thumb/v7-m/nofp\libc_nano.a(lib_a-exit.o)
                              d:/programs/stm32/stm32cubeide_1.7.0/stm32cubeide/plugins/com.st.stm32cube.ide.mcu.externaltools.gnu-tools-for-stm32.9-2020-q2-update.win32_2.0.0.202105311346/tools/bin/../lib/gcc/arm-none-eabi/9.3.1/../../../../arm-none-eabi/lib/thumb/v7-m/nofp/crt0.o (exit)
d:/programs/stm32/stm32cubeide_1.7.0/stm32cubeide/plugins/com.st.stm32cube.ide.mcu.externaltools.gnu-tools-for-stm32.9-2020-q2-update.win32_2.0.0.202105311346/tools/bin/../lib/gcc/arm-none-eabi/9.3.1/../../../../arm-none-eabi/lib/thumb/v7-m/nofp\libc_nano.a(lib_a-impure.o)
                              d:/programs/stm32/stm32cubeide_1.7.0/stm32cubeide/plugins/com.st.stm32cube.ide.mcu.externaltools.gnu-tools-for-stm32.9-2020-q2-update.win32_2.0.0.202105311346/tools/bin/../lib/gcc/arm-none-eabi/9.3.1/../../../../arm-none-eabi/lib/thumb/v7-m/nofp\libc_nano.a(lib_a-exit.o) (_global_impure_ptr)
d:/programs/stm32/stm32cubeide_1.7.0/stm32cubeide/plugins/com.st.stm32cube.ide.mcu.externaltools.gnu-tools-for-stm32.9-2020-q2-update.win32_2.0.0.202105311346/tools/bin/../lib/gcc/arm-none-eabi/9.3.1/../../../../arm-none-eabi/lib/thumb/v7-m/nofp\libc_nano.a(lib_a-init.o)
                              d:/programs/stm32/stm32cubeide_1.7.0/stm32cubeide/plugins/com.st.stm32cube.ide.mcu.externaltools.gnu-tools-for-stm32.9-2020-q2-update.win32_2.0.0.202105311346/tools/bin/../lib/gcc/arm-none-eabi/9.3.1/../../../../arm-none-eabi/lib/thumb/v7-m/nofp/crt0.o (__libc_init_array)
d:/programs/stm32/stm32cubeide_1.7.0/stm32cubeide/plugins/com.st.stm32cube.ide.mcu.externaltools.gnu-tools-for-stm32.9-2020-q2-update.win32_2.0.0.202105311346/tools/bin/../lib/gcc/arm-none-eabi/9.3.1/../../../../arm-none-eabi/lib/thumb/v7-m/nofp\libc_nano.a(lib_a-memset.o)
                              d:/programs/stm32/stm32cubeide_1.7.0/stm32cubeide/plugins/com.st.stm32cube.ide.mcu.externaltools.gnu-tools-for-stm32.9-2020-q2-update.win32_2.0.0.202105311346/tools/bin/../lib/gcc/arm-none-eabi/9.3.1/../../../../arm-none-eabi/lib/thumb/v7-m/nofp/crt0.o (memset)

Allocating common symbols
Common symbol       size              file

uwTick              0x4               ./Drivers/STM32F1xx_HAL_Driver/Src/stm32f1xx_hal.o
pFlash              0x20              ./Drivers/STM32F1xx_HAL_Driver/Src/stm32f1xx_hal_flash.o
htim2               0x48              ./Core/Src/main.o

Discarded input sections

 .text          0x0000000000000000        0x0 d:/programs/stm32/stm32cubeide_1.7.0/stm32cubeide/plugins/com.st.stm32cube.ide.mcu.externaltools.gnu-tools-for-stm32.9-2020-q2-update.win32_2.0.0.202105311346/tools/bin/../lib/gcc/arm-none-eabi/9.3.1/thumb/v7-m/nofp/crti.o
 .data          0x0000000000000000        0x0 d:/programs/stm32/stm32cubeide_1.7.0/stm32cubeide/plugins/com.st.stm32cube.ide.mcu.externaltools.gnu-tools-for-stm32.9-2020-q2-update.win32_2.0.0.202105311346/tools/bin/../lib/gcc/arm-none-eabi/9.3.1/thumb/v7-m/nofp/crti.o
 .bss           0x0000000000000000        0x0 d:/programs/stm32/stm32cubeide_1.7.0/stm32cubeide/plugins/com.st.stm32cube.ide.mcu.externaltools.gnu-tools-for-stm32.9-2020-q2-update.win32_2.0.0.202105311346/tools/bin/../lib/gcc/arm-none-eabi/9.3.1/thumb/v7-m/nofp/crti.o
 .data          0x0000000000000000        0x4 d:/programs/stm32/stm32cubeide_1.7.0/stm32cubeide/plugins/com.st.stm32cube.ide.mcu.externaltools.gnu-tools-for-stm32.9-2020-q2-update.win32_2.0.0.202105311346/tools/bin/../lib/gcc/arm-none-eabi/9.3.1/thumb/v7-m/nofp/crtbegin.o
 .text          0x0000000000000000       0x7c d:/programs/stm32/stm32cubeide_1.7.0/stm32cubeide/plugins/com.st.stm32cube.ide.mcu.externaltools.gnu-tools-for-stm32.9-2020-q2-update.win32_2.0.0.202105311346/tools/bin/../lib/gcc/arm-none-eabi/9.3.1/../../../../arm-none-eabi/lib/thumb/v7-m/nofp/crt0.o
 .data          0x0000000000000000        0x0 d:/programs/stm32/stm32cubeide_1.7.0/stm32cubeide/plugins/com.st.stm32cube.ide.mcu.externaltools.gnu-tools-for-stm32.9-2020-q2-update.win32_2.0.0.202105311346/tools/bin/../lib/gcc/arm-none-eabi/9.3.1/../../../../arm-none-eabi/lib/thumb/v7-m/nofp/crt0.o
[...]
Memory Configuration

Name             Origin             Length             Attributes
RAM              0x0000000020000000 0x0000000000002800 xrw
FLASH            0x0000000008000000 0x0000000000008000 xr
*default*        0x0000000000000000 0xffffffffffffffff

Linker script and memory map

LOAD d:/programs/stm32/stm32cubeide_1.7.0/stm32cubeide/plugins/com.st.stm32cube.ide.mcu.externaltools.gnu-tools-for-stm32.9-2020-q2-update.win32_2.0.0.202105311346/tools/bin/../lib/gcc/arm-none-eabi/9.3.1/thumb/v7-m/nofp/crti.o
LOAD d:/programs/stm32/stm32cubeide_1.7.0/stm32cubeide/plugins/com.st.stm32cube.ide.mcu.externaltools.gnu-tools-for-stm32.9-2020-q2-update.win32_2.0.0.202105311346/tools/bin/../lib/gcc/arm-none-eabi/9.3.1/thumb/v7-m/nofp/crtbegin.o
LOAD d:/programs/stm32/stm32cubeide_1.7.0/stm32cubeide/plugins/com.st.stm32cube.ide.mcu.externaltools.gnu-tools-for-stm32.9-2020-q2-update.win32_2.0.0.202105311346/tools/bin/../lib/gcc/arm-none-eabi/9.3.1/../../../../arm-none-eabi/lib/thumb/v7-m/nofp/crt0.o
LOAD ./Core/Src/FSM.o
LOAD ./Core/Src/FSM_man.o
LOAD ./Core/Src/button.o
LOAD ./Core/Src/display7SEG.o
LOAD ./Core/Src/global.o
LOAD ./Core/Src/main.o
LOAD ./Core/Src/stm32f1xx_hal_msp.o
LOAD ./Core/Src/stm32f1xx_it.o
LOAD ./Core/Src/syscalls.o
LOAD ./Core/Src/sysmem.o
LOAD ./Core/Src/system_stm32f1xx.o
LOAD ./Core/Src/timer.o
LOAD ./Core/Startup/startup_stm32f103c6ux.o
LOAD ./Drivers/STM32F1xx_HAL_Driver/Src/stm32f1xx_hal.o
LOAD ./Drivers/STM32F1xx_HAL_Driver/Src/stm32f1xx_hal_cortex.o
LOAD ./Drivers/STM32F1xx_HAL_Driver/Src/stm32f1xx_hal_dma.o
LOAD ./Drivers/STM32F1xx_HAL_Driver/Src/stm32f1xx_hal_exti.o
LOAD ./Drivers/STM32F1xx_HAL_Driver/Src/stm32f1xx_hal_flash.o
LOAD ./Drivers/STM32F1xx_HAL_Driver/Src/stm32f1xx_hal_flash_ex.o
LOAD ./Drivers/STM32F1xx_HAL_Driver/Src/stm32f1xx_hal_gpio.o
LOAD ./Drivers/STM32F1xx_HAL_Driver/Src/stm32f1xx_hal_gpio_ex.o
LOAD ./Drivers/STM32F1xx_HAL_Driver/Src/stm32f1xx_hal_pwr.o
LOAD ./Drivers/STM32F1xx_HAL_Driver/Src/stm32f1xx_hal_rcc.o
LOAD ./Drivers/STM32F1xx_HAL_Driver/Src/stm32f1xx_hal_rcc_ex.o
LOAD ./Drivers/STM32F1xx_HAL_Driver/Src/stm32f1xx_hal_tim.o
LOAD ./Drivers/STM32F1xx_HAL_Driver/Src/stm32f1xx_hal_tim_ex.o
START GROUP
LOAD d:/programs/stm32/stm32cubeide_1.7.0/stm32cubeide/plugins/com.st.stm32cube.ide.mcu.externaltools.gnu-tools-for-stm32.9-2020-q2-update.win32_2.0.0.202105311346/tools/bin/../lib/gcc/arm-none-eabi/9.3.1/../../../../arm-none-eabi/lib/thumb/v7-m/nofp\libc_nano.a
LOAD d:/programs/stm32/stm32cubeide_1.7.0/stm32cubeide/plugins/com.st.stm32cube.ide.mcu.externaltools.gnu-tools-for-stm32.9-2020-q2-update.win32_2.0.0.202105311346/tools/bin/../lib/gcc/arm-none-eabi/9.3.1/../../../../arm-none-eabi/lib/thumb/v7-m/nofp\libm.a
END GROUP
START GROUP
LOAD d:/programs/stm32/stm32cubeide_1.7.0/stm32cubeide/plugins/com.st.stm32cube.ide.mcu.externaltools.gnu-tools-for-stm32.9-2020-q2-update.win32_2.0.0.202105311346/tools/bin/../lib/gcc/arm-none-eabi/9.3.1/thumb/v7-m/nofp\libgcc.a
LOAD d:/programs/stm32/stm32cubeide_1.7.0/stm32cubeide/plugins/com.st.stm32cube.ide.mcu.externaltools.gnu-tools-for-stm32.9-2020-q2-update.win32_2.0.0.202105311346/tools/bin/../lib/gcc/arm-none-eabi/9.3.1/../../../../arm-none-eabi/lib/thumb/v7-m/nofp\libc_nano.a
END GROUP
START GROUP
LOAD d:/programs/stm32/stm32cubeide_1.7.0/stm32cubeide/plugins/com.st.stm32cube.ide.mcu.externaltools.gnu-tools-for-stm32.9-2020-q2-update.win32_2.0.0.202105311346/tools/bin/../lib/gcc/arm-none-eabi/9.3.1/thumb/v7-m/nofp\libgcc.a
LOAD d:/programs/stm32/stm32cubeide_1.7.0/stm32cubeide/plugins/com.st.stm32cube.ide.mcu.externaltools.gnu-tools-for-stm32.9-2020-q2-update.win32_2.0.0.202105311346/tools/bin/../lib/gcc/arm-none-eabi/9.3.1/../../../../arm-none-eabi/lib/thumb/v7-m/nofp\libc_nano.a
LOAD d:/programs/stm32/stm32cubeide_1.7.0/stm32cubeide/plugins/com.st.stm32cube.ide.mcu.externaltools.gnu-tools-for-stm32.9-2020-q2-update.win32_2.0.0.202105311346/tools/bin/../lib/gcc/arm-none-eabi/9.3.1/../../../../arm-none-eabi/lib/thumb/v7-m/nofp\libnosys.a
END GROUP
START GROUP
LOAD d:/programs/stm32/stm32cubeide_1.7.0/stm32cubeide/plugins/com.st.stm32cube.ide.mcu.externaltools.gnu-tools-for-stm32.9-2020-q2-update.win32_2.0.0.202105311346/tools/bin/../lib/gcc/arm-none-eabi/9.3.1/thumb/v7-m/nofp\libgcc.a
LOAD d:/programs/stm32/stm32cubeide_1.7.0/stm32cubeide/plugins/com.st.stm32cube.ide.mcu.externaltools.gnu-tools-for-stm32.9-2020-q2-update.win32_2.0.0.202105311346/tools/bin/../lib/gcc/arm-none-eabi/9.3.1/../../../../arm-none-eabi/lib/thumb/v7-m/nofp\libc_nano.a
LOAD d:/programs/stm32/stm32cubeide_1.7.0/stm32cubeide/plugins/com.st.stm32cube.ide.mcu.externaltools.gnu-tools-for-stm32.9-2020-q2-update.win32_2.0.0.202105311346/tools/bin/../lib/gcc/arm-none-eabi/9.3.1/../../../../arm-none-eabi/lib/thumb/v7-m/nofp\libnosys.a
END GROUP
LOAD d:/programs/stm32/stm32cubeide_1.7.0/stm32cubeide/plugins/com.st.stm32cube.ide.mcu.externaltools.gnu-tools-for-stm32.9-2020-q2-update.win32_2.0.0.202105311346/tools/bin/../lib/gcc/arm-none-eabi/9.3.1/thumb/v7-m/nofp/crtend.o
LOAD d:/programs/stm32/stm32cubeide_1.7.0/stm32cubeide/plugins/com.st.stm32cube.ide.mcu.externaltools.gnu-tools-for-stm32.9-2020-q2-update.win32_2.0.0.202105311346/tools/bin/../lib/gcc/arm-none-eabi/9.3.1/thumb/v7-m/nofp/crtn.o
                0x0000000020002800                _estack = (ORIGIN (RAM) + LENGTH (RAM))
                0x0000000000000200                _Min_Heap_Size = 0x200
                0x0000000000000400                _Min_Stack_Size = 0x400

.isr_vector     0x0000000008000000      0x10c
                0x0000000008000000                . = ALIGN (0x4)
 *(.isr_vector)
 .isr_vector    0x0000000008000000      0x10c ./Core/Startup/startup_stm32f103c6ux.o
                0x0000000008000000                g_pfnVectors
                0x000000000800010c                . = ALIGN (0x4)

.text           0x000000000800010c     0x2dac
                0x000000000800010c                . = ALIGN (0x4)
 *(.text)
 .text          0x000000000800010c       0x40 d:/programs/stm32/stm32cubeide_1.7.0/stm32cubeide/plugins/com.st.stm32cube.ide.mcu.externaltools.gnu-tools-for-stm32.9-2020-q2-update.win32_2.0.0.202105311346/tools/bin/../lib/gcc/arm-none-eabi/9.3.1/thumb/v7-m/nofp/crtbegin.o
 *(.text*)
 .text.FSM1_run
                0x000000000800014c      0x238 ./Core/Src/FSM.o
                0x000000000800014c                FSM1_run
 .text.FSM2_run
                0x0000000008000384      0x164 ./Core/Src/FSM.o
                0x0000000008000384                FSM2_run
 .text.FSM_man_run
                0x00000000080004e8      0x4f8 ./Core/Src/FSM_man.o
                0x00000000080004e8                FSM_man_run
 .text.getKey1Input
                0x00000000080009e0       0xb0 ./Core/Src/button.o
                0x00000000080009e0                getKey1Input
 .text.getKey2Input
                0x0000000008000a90      0x1c4 ./Core/Src/button.o
                0x0000000008000a90                getKey2Input
 .text.getKey3Input
                0x0000000008000c54       0x64 ./Core/Src/button.o
                0x0000000008000c54                getKey3Input
 .text.display7SEG
                0x0000000008000cb8      0x318 ./Core/Src/display7SEG.o
                0x0000000008000cb8                display7SEG
 .text.update7SEG
                0x0000000008000fd0      0x118 ./Core/Src/display7SEG.o
                0x0000000008000fd0                update7SEG
 .text.update7SEGBuffer
                0x00000000080010e8      0x1a4 ./Core/Src/display7SEG.o
                0x00000000080010e8                update7SEGBuffer
 .text.display  0x000000000800128c       0x40 ./Core/Src/display7SEG.o
                0x000000000800128c                display
 .text.main     0x00000000080012cc       0x40 ./Core/Src/main.o
                0x00000000080012cc                main
 .text.SystemClock_Config
                0x000000000800130c       0x76 ./Core/Src/main.o
                0x000000000800130c                SystemClock_Config
 *fill*         0x0000000008001382        0x2 
 .text.MX_TIM2_Init
                0x0000000008001384       0x98 ./Core/Src/main.o
 .text.MX_GPIO_Init
                0x000000000800141c       0xe0 ./Core/Src/main.o
 .text.HAL_TIM_PeriodElapsedCallback
                0x00000000080014fc       0x2c ./Core/Src/main.o
                0x00000000080014fc                HAL_TIM_PeriodElapsedCallback
 .text.Error_Handler
                0x0000000008001528        0xa ./Core/Src/main.o
                0x0000000008001528                Error_Handler
 *fill*         0x0000000008001532        0x2 
 .text.HAL_MspInit
                0x0000000008001534       0x64 ./Core/Src/stm32f1xx_hal_msp.o
                0x0000000008001534                HAL_MspInit
 .text.HAL_TIM_Base_MspInit
                0x0000000008001598       0x48 ./Core/Src/stm32f1xx_hal_msp.o
                0x0000000008001598                HAL_TIM_Base_MspInit
 .text.NMI_Handler
                0x00000000080015e0        0x6 ./Core/Src/stm32f1xx_it.o
                0x00000000080015e0                NMI_Handler
 .text.HardFault_Handler
                0x00000000080015e6        0x6 ./Core/Src/stm32f1xx_it.o
                0x00000000080015e6                HardFault_Handler
 .text.MemManage_Handler
                0x00000000080015ec        0x6 ./Core/Src/stm32f1xx_it.o
                0x00000000080015ec                MemManage_Handler
 .text.BusFault_Handler
                0x00000000080015f2        0x6 ./Core/Src/stm32f1xx_it.o
                0x00000000080015f2                BusFault_Handler
 .text.UsageFault_Handler
                0x00000000080015f8        0x6 ./Core/Src/stm32f1xx_it.o
                0x00000000080015f8                UsageFault_Handler
 .text.SVC_Handler
                0x00000000080015fe        0xc ./Core/Src/stm32f1xx_it.o
                0x00000000080015fe                SVC_Handler
 .text.DebugMon_Handler
                0x000000000800160a        0xc ./Core/Src/stm32f1xx_it.o
                0x000000000800160a                DebugMon_Handler
 .text.PendSV_Handler
                0x0000000008001616        0xc ./Core/Src/stm32f1xx_it.o
                0x0000000008001616                PendSV_Handler
 .text.SysTick_Handler
                0x0000000008001622        0xc ./Core/Src/stm32f1xx_it.o
                0x0000000008001622                SysTick_Handler
 *fill*         0x000000000800162e        0x2 
 .text.TIM2_IRQHandler
                0x0000000008001630       0x14 ./Core/Src/stm32f1xx_it.o
                0x0000000008001630                TIM2_IRQHandler
 .text.SystemInit
                0x0000000008001644        0xc ./Core/Src/system_stm32f1xx.o
                0x0000000008001644                SystemInit
 .text.setTimer1
                0x0000000008001650       0x38 ./Core/Src/timer.o
                0x0000000008001650                setTimer1
 .text.setTimer2
                0x0000000008001688       0x38 ./Core/Src/timer.o
                0x0000000008001688                setTimer2
 .text.setTimer3
                0x00000000080016c0       0x38 ./Core/Src/timer.o
                0x00000000080016c0                setTimer3
 .text.setTimer4
                0x00000000080016f8       0x38 ./Core/Src/timer.o
                0x00000000080016f8                setTimer4
 .text.timer1Run
                0x0000000008001730       0x34 ./Core/Src/timer.o
                0x0000000008001730                timer1Run
 .text.timer2Run
                0x0000000008001764       0x34 ./Core/Src/timer.o
                0x0000000008001764                timer2Run
 .text.timer3Run
                0x0000000008001798       0x34 ./Core/Src/timer.o
                0x0000000008001798                timer3Run
 .text.timer4Run
                0x00000000080017cc       0x34 ./Core/Src/timer.o
                0x00000000080017cc                timer4Run
 .text.Reset_Handler
                0x0000000008001800       0x48 ./Core/Startup/startup_stm32f103c6ux.o
                0x0000000008001800                Reset_Handler
 .text.Default_Handler
                0x0000000008001848        0x2 ./Core/Startup/startup_stm32f103c6ux.o
                0x0000000008001848                RTC_Alarm_IRQHandler
                0x0000000008001848                EXTI2_IRQHandler
                0x0000000008001848                TIM1_CC_IRQHandler
                0x0000000008001848                PVD_IRQHandler
                0x0000000008001848                EXTI3_IRQHandler
                0x0000000008001848                EXTI0_IRQHandler
                0x0000000008001848                ADC1_2_IRQHandler
                0x0000000008001848                SPI1_IRQHandler
                0x0000000008001848                TAMPER_IRQHandler
                0x0000000008001848                DMA1_Channel4_IRQHandler
                0x0000000008001848                RTC_IRQHandler
                0x0000000008001848                DMA1_Channel7_IRQHandler
                0x0000000008001848                CAN1_RX1_IRQHandler
                0x0000000008001848                I2C1_EV_IRQHandler
                0x0000000008001848                DMA1_Channel6_IRQHandler
                0x0000000008001848                TIM3_IRQHandler
                0x0000000008001848                RCC_IRQHandler
                0x0000000008001848                TIM1_TRG_COM_IRQHandler
                0x0000000008001848                DMA1_Channel1_IRQHandler
                0x0000000008001848                Default_Handler
                0x0000000008001848                EXTI15_10_IRQHandler
                0x0000000008001848                EXTI9_5_IRQHandler
                0x0000000008001848                DMA1_Channel5_IRQHandler
                0x0000000008001848                EXTI4_IRQHandler
                0x0000000008001848                USB_LP_CAN1_RX0_IRQHandler
                0x0000000008001848                USB_HP_CAN1_TX_IRQHandler
                0x0000000008001848                DMA1_Channel3_IRQHandler
                0x0000000008001848                TIM1_UP_IRQHandler
                0x0000000008001848                WWDG_IRQHandler
                0x0000000008001848                TIM1_BRK_IRQHandler
                0x0000000008001848                EXTI1_IRQHandler
                0x0000000008001848                USART2_IRQHandler
                0x0000000008001848                DMA1_Channel2_IRQHandler
                0x0000000008001848                CAN1_SCE_IRQHandler
                0x0000000008001848                FLASH_IRQHandler
                0x0000000008001848                USART1_IRQHandler
                0x0000000008001848                I2C1_ER_IRQHandler
                0x0000000008001848                USBWakeUp_IRQHandler
 *fill*         0x000000000800184a        0x2 
 .text.HAL_Init
                0x000000000800184c       0x2c ./Drivers/STM32F1xx_HAL_Driver/Src/stm32f1xx_hal.o
                0x000000000800184c                HAL_Init
 .text.HAL_InitTick
                0x0000000008001878       0x60 ./Drivers/STM32F1xx_HAL_Driver/Src/stm32f1xx_hal.o
                0x0000000008001878                HAL_InitTick
 .text.HAL_IncTick
                0x00000000080018d8       0x24 ./Drivers/STM32F1xx_HAL_Driver/Src/stm32f1xx_hal.o
                0x00000000080018d8                HAL_IncTick
 .text.HAL_GetTick
                0x00000000080018fc       0x14 ./Drivers/STM32F1xx_HAL_Driver/Src/stm32f1xx_hal.o
                0x00000000080018fc                HAL_GetTick
 .text.__NVIC_SetPriorityGrouping
                0x0000000008001910       0x48 ./Drivers/STM32F1xx_HAL_Driver/Src/stm32f1xx_hal_cortex.o
 .text.__NVIC_GetPriorityGrouping
                0x0000000008001958       0x1c ./Drivers/STM32F1xx_HAL_Driver/Src/stm32f1xx_hal_cortex.o
 .text.__NVIC_EnableIRQ
                0x0000000008001974       0x38 ./Drivers/STM32F1xx_HAL_Driver/Src/stm32f1xx_hal_cortex.o
 .text.__NVIC_SetPriority
                0x00000000080019ac       0x54 ./Drivers/STM32F1xx_HAL_Driver/Src/stm32f1xx_hal_cortex.o
 .text.NVIC_EncodePriority
                0x0000000008001a00       0x64 ./Drivers/STM32F1xx_HAL_Driver/Src/stm32f1xx_hal_cortex.o
 .text.SysTick_Config
                0x0000000008001a64       0x44 ./Drivers/STM32F1xx_HAL_Driver/Src/stm32f1xx_hal_cortex.o
 .text.HAL_NVIC_SetPriorityGrouping
                0x0000000008001aa8       0x16 ./Drivers/STM32F1xx_HAL_Driver/Src/stm32f1xx_hal_cortex.o
                0x0000000008001aa8                HAL_NVIC_SetPriorityGrouping
 .text.HAL_NVIC_SetPriority
                0x0000000008001abe       0x38 ./Drivers/STM32F1xx_HAL_Driver/Src/stm32f1xx_hal_cortex.o
                0x0000000008001abe                HAL_NVIC_SetPriority
 .text.HAL_NVIC_EnableIRQ
                0x0000000008001af6       0x1c ./Drivers/STM32F1xx_HAL_Driver/Src/stm32f1xx_hal_cortex.o
                0x0000000008001af6                HAL_NVIC_EnableIRQ
 .text.HAL_SYSTICK_Config
                0x0000000008001b12       0x18 ./Drivers/STM32F1xx_HAL_Driver/Src/stm32f1xx_hal_cortex.o
                0x0000000008001b12                HAL_SYSTICK_Config
 *fill*         0x0000000008001b2a        0x2 
 .text.HAL_GPIO_Init
                0x0000000008001b2c      0x2f4 ./Drivers/STM32F1xx_HAL_Driver/Src/stm32f1xx_hal_gpio.o
                0x0000000008001b2c                HAL_GPIO_Init
 .text.HAL_GPIO_ReadPin
                0x0000000008001e20       0x2e ./Drivers/STM32F1xx_HAL_Driver/Src/stm32f1xx_hal_gpio.o
                0x0000000008001e20                HAL_GPIO_ReadPin
 .text.HAL_GPIO_WritePin
                0x0000000008001e4e       0x30 ./Drivers/STM32F1xx_HAL_Driver/Src/stm32f1xx_hal_gpio.o
                0x0000000008001e4e                HAL_GPIO_WritePin
 .text.HAL_GPIO_TogglePin
                0x0000000008001e7e       0x32 ./Drivers/STM32F1xx_HAL_Driver/Src/stm32f1xx_hal_gpio.o
                0x0000000008001e7e                HAL_GPIO_TogglePin
 .text.HAL_RCC_OscConfig
                0x0000000008001eb0      0x500 ./Drivers/STM32F1xx_HAL_Driver/Src/stm32f1xx_hal_rcc.o
                0x0000000008001eb0                HAL_RCC_OscConfig
 .text.HAL_RCC_ClockConfig
                0x00000000080023b0      0x1d4 ./Drivers/STM32F1xx_HAL_Driver/Src/stm32f1xx_hal_rcc.o
                0x00000000080023b0                HAL_RCC_ClockConfig
 .text.HAL_RCC_GetSysClockFreq
                0x0000000008002584       0xc0 ./Drivers/STM32F1xx_HAL_Driver/Src/stm32f1xx_hal_rcc.o
                0x0000000008002584                HAL_RCC_GetSysClockFreq
 .text.RCC_Delay
                0x0000000008002644       0x3c ./Drivers/STM32F1xx_HAL_Driver/Src/stm32f1xx_hal_rcc.o
 .text.HAL_TIM_Base_Init
                0x0000000008002680       0x9e ./Drivers/STM32F1xx_HAL_Driver/Src/stm32f1xx_hal_tim.o
                0x0000000008002680                HAL_TIM_Base_Init
 *fill*         0x000000000800271e        0x2 
 .text.HAL_TIM_Base_Start_IT
                0x0000000008002720       0x98 ./Drivers/STM32F1xx_HAL_Driver/Src/stm32f1xx_hal_tim.o
                0x0000000008002720                HAL_TIM_Base_Start_IT
 .text.HAL_TIM_IRQHandler
                0x00000000080027b8      0x210 ./Drivers/STM32F1xx_HAL_Driver/Src/stm32f1xx_hal_tim.o
                0x00000000080027b8                HAL_TIM_IRQHandler
 .text.HAL_TIM_ConfigClockSource
                0x00000000080029c8      0x188 ./Drivers/STM32F1xx_HAL_Driver/Src/stm32f1xx_hal_tim.o
                0x00000000080029c8                HAL_TIM_ConfigClockSource
 .text.HAL_TIM_OC_DelayElapsedCallback
                0x0000000008002b50       0x12 ./Drivers/STM32F1xx_HAL_Driver/Src/stm32f1xx_hal_tim.o
                0x0000000008002b50                HAL_TIM_OC_DelayElapsedCallback
 .text.HAL_TIM_IC_CaptureCallback
                0x0000000008002b62       0x12 ./Drivers/STM32F1xx_HAL_Driver/Src/stm32f1xx_hal_tim.o
                0x0000000008002b62                HAL_TIM_IC_CaptureCallback
 .text.HAL_TIM_PWM_PulseFinishedCallback
                0x0000000008002b74       0x12 ./Drivers/STM32F1xx_HAL_Driver/Src/stm32f1xx_hal_tim.o
                0x0000000008002b74                HAL_TIM_PWM_PulseFinishedCallback
 .text.HAL_TIM_TriggerCallback
                0x0000000008002b86       0x12 ./Drivers/STM32F1xx_HAL_Driver/Src/stm32f1xx_hal_tim.o
                0x0000000008002b86                HAL_TIM_TriggerCallback
 .text.TIM_Base_SetConfig
                0x0000000008002b98       0xb0 ./Drivers/STM32F1xx_HAL_Driver/Src/stm32f1xx_hal_tim.o
                0x0000000008002b98                TIM_Base_SetConfig
 .text.TIM_TI1_ConfigInputStage
                0x0000000008002c48       0x5c ./Drivers/STM32F1xx_HAL_Driver/Src/stm32f1xx_hal_tim.o
 .text.TIM_TI2_ConfigInputStage
                0x0000000008002ca4       0x5e ./Drivers/STM32F1xx_HAL_Driver/Src/stm32f1xx_hal_tim.o
 .text.TIM_ITRx_SetConfig
                0x0000000008002d02       0x34 ./Drivers/STM32F1xx_HAL_Driver/Src/stm32f1xx_hal_tim.o
 .text.TIM_ETR_SetConfig
                0x0000000008002d36       0x3e ./Drivers/STM32F1xx_HAL_Driver/Src/stm32f1xx_hal_tim.o
                0x0000000008002d36                TIM_ETR_SetConfig
 .text.HAL_TIMEx_MasterConfigSynchronization
                0x0000000008002d74       0xb0 ./Drivers/STM32F1xx_HAL_Driver/Src/stm32f1xx_hal_tim_ex.o
                0x0000000008002d74                HAL_TIMEx_MasterConfigSynchronization
 .text.HAL_TIMEx_CommutCallback
                0x0000000008002e24       0x12 ./Drivers/STM32F1xx_HAL_Driver/Src/stm32f1xx_hal_tim_ex.o
                0x0000000008002e24                HAL_TIMEx_CommutCallback
 .text.HAL_TIMEx_BreakCallback
                0x0000000008002e36       0x12 ./Drivers/STM32F1xx_HAL_Driver/Src/stm32f1xx_hal_tim_ex.o
                0x0000000008002e36                HAL_TIMEx_BreakCallback
 .text.__libc_init_array
                0x0000000008002e48       0x48 d:/programs/stm32/stm32cubeide_1.7.0/stm32cubeide/plugins/com.st.stm32cube.ide.mcu.externaltools.gnu-tools-for-stm32.9-2020-q2-update.win32_2.0.0.202105311346/tools/bin/../lib/gcc/arm-none-eabi/9.3.1/../../../../arm-none-eabi/lib/thumb/v7-m/nofp\libc_nano.a(lib_a-init.o)
                0x0000000008002e48                __libc_init_array
 .text.memset   0x0000000008002e90       0x10 d:/programs/stm32/stm32cubeide_1.7.0/stm32cubeide/plugins/com.st.stm32cube.ide.mcu.externaltools.gnu-tools-for-stm32.9-2020-q2-update.win32_2.0.0.202105311346/tools/bin/../lib/gcc/arm-none-eabi/9.3.1/../../../../arm-none-eabi/lib/thumb/v7-m/nofp\libc_nano.a(lib_a-memset.o)
                0x0000000008002e90                memset
 *(.glue_7)
 .glue_7        0x0000000008002ea0        0x0 linker stubs
 *(.glue_7t)
 .glue_7t       0x0000000008002ea0        0x0 linker stubs
 *(.eh_frame)
 .eh_frame      0x0000000008002ea0        0x0 d:/programs/stm32/stm32cubeide_1.7.0/stm32cubeide/plugins/com.st.stm32cube.ide.mcu.externaltools.gnu-tools-for-stm32.9-2020-q2-update.win32_2.0.0.202105311346/tools/bin/../lib/gcc/arm-none-eabi/9.3.1/thumb/v7-m/nofp/crtbegin.o
 *(.init)
 .init          0x0000000008002ea0        0x4 d:/programs/stm32/stm32cubeide_1.7.0/stm32cubeide/plugins/com.st.stm32cube.ide.mcu.externaltools.gnu-tools-for-stm32.9-2020-q2-update.win32_2.0.0.202105311346/tools/bin/../lib/gcc/arm-none-eabi/9.3.1/thumb/v7-m/nofp/crti.o
                0x0000000008002ea0                _init
 .init          0x0000000008002ea4        0x8 d:/programs/stm32/stm32cubeide_1.7.0/stm32cubeide/plugins/com.st.stm32cube.ide.mcu.externaltools.gnu-tools-for-stm32.9-2020-q2-update.win32_2.0.0.202105311346/tools/bin/../lib/gcc/arm-none-eabi/9.3.1/thumb/v7-m/nofp/crtn.o
 *(.fini)
 .fini          0x0000000008002eac        0x4 d:/programs/stm32/stm32cubeide_1.7.0/stm32cubeide/plugins/com.st.stm32cube.ide.mcu.externaltools.gnu-tools-for-stm32.9-2020-q2-update.win32_2.0.0.202105311346/tools/bin/../lib/gcc/arm-none-eabi/9.3.1/thumb/v7-m/nofp/crti.o
                0x0000000008002eac                _fini
 .fini          0x0000000008002eb0        0x8 d:/programs/stm32/stm32cubeide_1.7.0/stm32cubeide/plugins/com.st.stm32cube.ide.mcu.externaltools.gnu-tools-for-stm32.9-2020-q2-update.win32_2.0.0.202105311346/tools/bin/../lib/gcc/arm-none-eabi/9.3.1/thumb/v7-m/nofp/crtn.o
                0x0000000008002eb8                . = ALIGN (0x4)
                0x0000000008002eb8                _etext = .

.vfp11_veneer   0x0000000008002eb8        0x0
 .vfp11_veneer  0x0000000008002eb8        0x0 linker stubs

.v4_bx          0x0000000008002eb8        0x0
 .v4_bx         0x0000000008002eb8        0x0 linker stubs

.iplt           0x0000000008002eb8        0x0
 .iplt          0x0000000008002eb8        0x0 d:/programs/stm32/stm32cubeide_1.7.0/stm32cubeide/plugins/com.st.stm32cube.ide.mcu.externaltools.gnu-tools-for-stm32.9-2020-q2-update.win32_2.0.0.202105311346/tools/bin/../lib/gcc/arm-none-eabi/9.3.1/thumb/v7-m/nofp/crtbegin.o

.rodata         0x0000000008002eb8       0x20
                0x0000000008002eb8                . = ALIGN (0x4)
 *(.rodata)
 .rodata        0x0000000008002eb8       0x10 ./Drivers/STM32F1xx_HAL_Driver/Src/stm32f1xx_hal_rcc.o
 *(.rodata*)
 .rodata.AHBPrescTable
                0x0000000008002ec8       0x10 ./Core/Src/system_stm32f1xx.o
                0x0000000008002ec8                AHBPrescTable
                0x0000000008002ed8                . = ALIGN (0x4)

.rel.dyn        0x0000000008002ed8        0x0
 .rel.iplt      0x0000000008002ed8        0x0 d:/programs/stm32/stm32cubeide_1.7.0/stm32cubeide/plugins/com.st.stm32cube.ide.mcu.externaltools.gnu-tools-for-stm32.9-2020-q2-update.win32_2.0.0.202105311346/tools/bin/../lib/gcc/arm-none-eabi/9.3.1/thumb/v7-m/nofp/crtbegin.o

.ARM.extab      0x0000000008002ed8        0x0
                0x0000000008002ed8                . = ALIGN (0x4)
 *(.ARM.extab* .gnu.linkonce.armextab.*)
                0x0000000008002ed8                . = ALIGN (0x4)

.ARM            0x0000000008002ed8        0x0
                0x0000000008002ed8                . = ALIGN (0x4)
                0x0000000008002ed8                __exidx_start = .
 *(.ARM.exidx*)
                0x0000000008002ed8                __exidx_end = .
                0x0000000008002ed8                . = ALIGN (0x4)

.preinit_array  0x0000000008002ed8        0x0
                0x0000000008002ed8                . = ALIGN (0x4)
                0x0000000008002ed8                PROVIDE (__preinit_array_start = .)
 *(.preinit_array*)
                0x0000000008002ed8                PROVIDE (__preinit_array_end = .)
                0x0000000008002ed8                . = ALIGN (0x4)

.init_array     0x0000000008002ed8        0x4
                0x0000000008002ed8                . = ALIGN (0x4)
                0x0000000008002ed8                PROVIDE (__init_array_start = .)
 *(SORT_BY_NAME(.init_array.*))
 *(.init_array*)
 .init_array    0x0000000008002ed8        0x4 d:/programs/stm32/stm32cubeide_1.7.0/stm32cubeide/plugins/com.st.stm32cube.ide.mcu.externaltools.gnu-tools-for-stm32.9-2020-q2-update.win32_2.0.0.202105311346/tools/bin/../lib/gcc/arm-none-eabi/9.3.1/thumb/v7-m/nofp/crtbegin.o
                0x0000000008002edc                PROVIDE (__init_array_end = .)
                0x0000000008002edc                . = ALIGN (0x4)

.fini_array     0x0000000008002edc        0x4
                0x0000000008002edc                . = ALIGN (0x4)
                [!provide]                        PROVIDE (__fini_array_start = .)
 *(SORT_BY_NAME(.fini_array.*))
 *(.fini_array*)
 .fini_array    0x0000000008002edc        0x4 d:/programs/stm32/stm32cubeide_1.7.0/stm32cubeide/plugins/com.st.stm32cube.ide.mcu.externaltools.gnu-tools-for-stm32.9-2020-q2-update.win32_2.0.0.202105311346/tools/bin/../lib/gcc/arm-none-eabi/9.3.1/thumb/v7-m/nofp/crtbegin.o
                [!provide]                        PROVIDE (__fini_array_end = .)
                0x0000000008002ee0                . = ALIGN (0x4)
                0x0000000008002ee0                _sidata = LOADADDR (.data)

.data           0x0000000020000000       0x4c load address 0x0000000008002ee0
                0x0000000020000000                . = ALIGN (0x4)
                0x0000000020000000                _sdata = .
 *(.data)
 *(.data*)
 .data.t_red    0x0000000020000000        0x4 ./Core/Src/FSM.o
                0x0000000020000000                t_red
 .data.t_green  0x0000000020000004        0x4 ./Core/Src/FSM.o
                0x0000000020000004                t_green
 .data.t_yellow
                0x0000000020000008        0x4 ./Core/Src/FSM.o
                0x0000000020000008                t_yellow
 .data.Key1Reg0
                0x000000002000000c        0x4 ./Core/Src/button.o
                0x000000002000000c                Key1Reg0
 .data.Key1Reg1
                0x0000000020000010        0x4 ./Core/Src/button.o
                0x0000000020000010                Key1Reg1
 .data.Key1Reg2
                0x0000000020000014        0x4 ./Core/Src/button.o
                0x0000000020000014                Key1Reg2
 .data.Key1Reg3
                0x0000000020000018        0x4 ./Core/Src/button.o
                0x0000000020000018                Key1Reg3
 .data.Key2Reg0
                0x000000002000001c        0x4 ./Core/Src/button.o
                0x000000002000001c                Key2Reg0
 .data.Key2Reg1
                0x0000000020000020        0x4 ./Core/Src/button.o
                0x0000000020000020                Key2Reg1
 .data.Key2Reg2
                0x0000000020000024        0x4 ./Core/Src/button.o
                0x0000000020000024                Key2Reg2
 .data.Key2Reg3
                0x0000000020000028        0x4 ./Core/Src/button.o
                0x0000000020000028                Key2Reg3
 .data.Key3Reg0
                0x000000002000002c        0x4 ./Core/Src/button.o
                0x000000002000002c                Key3Reg0
 .data.Key3Reg1
                0x0000000020000030        0x4 ./Core/Src/button.o
                0x0000000020000030                Key3Reg1
 .data.Key3Reg2
                0x0000000020000034        0x4 ./Core/Src/button.o
                0x0000000020000034                Key3Reg2
 .data.timerforKey1Press
                0x0000000020000038        0x4 ./Core/Src/button.o
                0x0000000020000038                timerforKey1Press
 .data.timerforKey2Press
                0x000000002000003c        0x4 ./Core/Src/button.o
                0x000000002000003c                timerforKey2Press
 .data.SystemCoreClock
                0x0000000020000040        0x4 ./Core/Src/system_stm32f1xx.o
                0x0000000020000040                SystemCoreClock
 .data.uwTickPrio
                0x0000000020000044        0x4 ./Drivers/STM32F1xx_HAL_Driver/Src/stm32f1xx_hal.o
                0x0000000020000044                uwTickPrio
 .data.uwTickFreq
                0x0000000020000048        0x1 ./Drivers/STM32F1xx_HAL_Driver/Src/stm32f1xx_hal.o
                0x0000000020000048                uwTickFreq
 *(.RamFunc)
 *(.RamFunc*)
                0x000000002000004c                . = ALIGN (0x4)
 *fill*         0x0000000020000049        0x3 
                0x000000002000004c                _edata = .

.igot.plt       0x000000002000004c        0x0 load address 0x0000000008002f2c
 .igot.plt      0x000000002000004c        0x0 d:/programs/stm32/stm32cubeide_1.7.0/stm32cubeide/plugins/com.st.stm32cube.ide.mcu.externaltools.gnu-tools-for-stm32.9-2020-q2-update.win32_2.0.0.202105311346/tools/bin/../lib/gcc/arm-none-eabi/9.3.1/thumb/v7-m/nofp/crtbegin.o
                0x000000002000004c                . = ALIGN (0x4)

.bss            0x000000002000004c       0xb4 load address 0x0000000008002f2c
                0x000000002000004c                _sbss = .
                0x000000002000004c                __bss_start__ = _sbss
 *(.bss)
 .bss           0x000000002000004c       0x1c d:/programs/stm32/stm32cubeide_1.7.0/stm32cubeide/plugins/com.st.stm32cube.ide.mcu.externaltools.gnu-tools-for-stm32.9-2020-q2-update.win32_2.0.0.202105311346/tools/bin/../lib/gcc/arm-none-eabi/9.3.1/thumb/v7-m/nofp/crtbegin.o
 *(.bss*)
 .bss.buttonflag1
                0x0000000020000068        0x4 ./Core/Src/button.o
                0x0000000020000068                buttonflag1
 .bss.buttonflag2
                0x000000002000006c        0x4 ./Core/Src/button.o
                0x000000002000006c                buttonflag2
 .bss.buttonflag3
                0x0000000020000070        0x4 ./Core/Src/button.o
                0x0000000020000070                buttonflag3
 .bss.index_led
                0x0000000020000074        0x4 ./Core/Src/display7SEG.o
                0x0000000020000074                index_led
 .bss.led_buffer
                0x0000000020000078       0x10 ./Core/Src/display7SEG.o
                0x0000000020000078                led_buffer
 .bss.status1   0x0000000020000088        0x4 ./Core/Src/global.o
                0x0000000020000088                status1
 .bss.status2   0x000000002000008c        0x4 ./Core/Src/global.o
                0x000000002000008c                status2
 .bss.status    0x0000000020000090        0x4 ./Core/Src/global.o
                0x0000000020000090                status
 .bss.timer1counter
                0x0000000020000094        0x4 ./Core/Src/timer.o
                0x0000000020000094                timer1counter
 .bss.timer2counter
                0x0000000020000098        0x4 ./Core/Src/timer.o
                0x0000000020000098                timer2counter
 .bss.timer3counter
                0x000000002000009c        0x4 ./Core/Src/timer.o
                0x000000002000009c                timer3counter
 .bss.timer4counter
                0x00000000200000a0        0x4 ./Core/Src/timer.o
                0x00000000200000a0                timer4counter
 .bss.timer1flag
                0x00000000200000a4        0x4 ./Core/Src/timer.o
                0x00000000200000a4                timer1flag
 .bss.timer2flag
                0x00000000200000a8        0x4 ./Core/Src/timer.o
                0x00000000200000a8                timer2flag
 .bss.timer3flag
                0x00000000200000ac        0x4 ./Core/Src/timer.o
                0x00000000200000ac                timer3flag
 .bss.timer4flag
                0x00000000200000b0        0x4 ./Core/Src/timer.o
                0x00000000200000b0                timer4flag
 *(COMMON)
 COMMON         0x00000000200000b4       0x48 ./Core/Src/main.o
                0x00000000200000b4                htim2
 COMMON         0x00000000200000fc        0x4 ./Drivers/STM32F1xx_HAL_Driver/Src/stm32f1xx_hal.o
                0x00000000200000fc                uwTick
                0x0000000020000100                . = ALIGN (0x4)
                0x0000000020000100                _ebss = .
                0x0000000020000100                __bss_end__ = _ebss

._user_heap_stack
                0x0000000020000100      0x600 load address 0x0000000008002f2c
                0x0000000020000100                . = ALIGN (0x8)
                [!provide]                        PROVIDE (end = .)
                0x0000000020000100                PROVIDE (_end = .)
                0x0000000020000300                . = (. + _Min_Heap_Size)
 *fill*         0x0000000020000100      0x200 
                0x0000000020000700                . = (. + _Min_Stack_Size)
 *fill*         0x0000000020000300      0x400 
                0x0000000020000700                . = ALIGN (0x8)

/DISCARD/
 libc.a(*)
 libm.a(*)
 libgcc.a(*)

.ARM.attributes
                0x0000000000000000       0x29
 *(.ARM.attributes)
 .ARM.attributes
                0x0000000000000000       0x1d d:/programs/stm32/stm32cubeide_1.7.0/stm32cubeide/plugins/com.st.stm32cube.ide.mcu.externaltools.gnu-tools-for-stm32.9-2020-q2-update.win32_2.0.0.202105311346/tools/bin/../lib/gcc/arm-none-eabi/9.3.1/thumb/v7-m/nofp/crti.o
 .ARM.attributes
                0x000000000000001d       0x2d d:/programs/stm32/stm32cubeide_1.7.0/stm32cubeide/plugins/com.st.stm32cube.ide.mcu.externaltools.gnu-tools-for-stm32.9-2020-q2-update.win32_2.0.0.202105311346/tools/bin/../lib/gcc/arm-none-eabi/9.3.1/thumb/v7-m/nofp/crtbegin.o
 .ARM.attributes
                0x000000000000004a       0x2d ./Core/Src/FSM.o
 .ARM.attributes
                0x0000000000000077       0x2d ./Core/Src/FSM_man.o
 .ARM.attributes
                0x00000000000000a4       0x2d ./Core/Src/button.o
 .ARM.attributes
                0x00000000000000d1       0x2d ./Core/Src/display7SEG.o
 .ARM.attributes
                0x00000000000000fe       0x33 ./Core/Src/global.o
 .ARM.attributes
                0x0000000000000131       0x2d ./Core/Src/main.o
 .ARM.attributes
                0x000000000000015e       0x2d ./Core/Src/stm32f1xx_hal_msp.o
 .ARM.attributes
                0x000000000000018b       0x2d ./Core/Src/stm32f1xx_it.o
 .ARM.attributes
                0x00000000000001b8       0x2d ./Core/Src/system_stm32f1xx.o
 .ARM.attributes
                0x00000000000001e5       0x2d ./Core/Src/timer.o
 .ARM.attributes
                0x0000000000000212       0x21 ./Core/Startup/startup_stm32f103c6ux.o
 .ARM.attributes
                0x0000000000000233       0x2d ./Drivers/STM32F1xx_HAL_Driver/Src/stm32f1xx_hal.o
 .ARM.attributes
                0x0000000000000260       0x2d ./Drivers/STM32F1xx_HAL_Driver/Src/stm32f1xx_hal_cortex.o
 .ARM.attributes
                0x000000000000028d       0x2d ./Drivers/STM32F1xx_HAL_Driver/Src/stm32f1xx_hal_gpio.o
 .ARM.attributes
                0x00000000000002ba       0x2d ./Drivers/STM32F1xx_HAL_Driver/Src/stm32f1xx_hal_rcc.o
 .ARM.attributes
                0x00000000000002e7       0x2d ./Drivers/STM32F1xx_HAL_Driver/Src/stm32f1xx_hal_tim.o
 .ARM.attributes
                0x0000000000000314       0x2d ./Drivers/STM32F1xx_HAL_Driver/Src/stm32f1xx_hal_tim_ex.o
 .ARM.attributes
                0x0000000000000341       0x2d d:/programs/stm32/stm32cubeide_1.7.0/stm32cubeide/plugins/com.st.stm32cube.ide.mcu.externaltools.gnu-tools-for-stm32.9-2020-q2-update.win32_2.0.0.202105311346/tools/bin/../lib/gcc/arm-none-eabi/9.3.1/../../../../arm-none-eabi/lib/thumb/v7-m/nofp\libc_nano.a(lib_a-init.o)
 .ARM.attributes
                0x000000000000036e       0x2d d:/programs/stm32/stm32cubeide_1.7.0/stm32cubeide/plugins/com.st.stm32cube.ide.mcu.externaltools.gnu-tools-for-stm32.9-2020-q2-update.win32_2.0.0.202105311346/tools/bin/../lib/gcc/arm-none-eabi/9.3.1/../../../../arm-none-eabi/lib/thumb/v7-m/nofp\libc_nano.a(lib_a-memset.o)
 .ARM.attributes
                0x000000000000039b       0x1d d:/programs/stm32/stm32cubeide_1.7.0/stm32cubeide/plugins/com.st.stm32cube.ide.mcu.externaltools.gnu-tools-for-stm32.9-2020-q2-update.win32_2.0.0.202105311346/tools/bin/../lib/gcc/arm-none-eabi/9.3.1/thumb/v7-m/nofp/crtn.o
OUTPUT(Lab3.1_to_3.11.elf elf32-littlearm)
LOAD linker stubs
LOAD d:/programs/stm32/stm32cubeide_1.7.0/stm32cubeide/plugins/com.st.stm32cube.ide.mcu.externaltools.gnu-tools-for-stm32.9-2020-q2-update.win32_2.0.0.202105311346/tools/bin/../lib/gcc/arm-none-eabi/9.3.1/../../../../arm-none-eabi/lib/thumb/v7-m/nofp\libc.a
LOAD d:/programs/stm32/stm32cubeide_1.7.0/stm32cubeide/plugins/com.st.stm32cube.ide.mcu.externaltools.gnu-tools-for-stm32.9-2020-q2-update.win32_2.0.0.202105311346/tools/bin/../lib/gcc/arm-none-eabi/9.3.1/../../../../arm-none-eabi/lib/thumb/v7-m/nofp\libm.a
LOAD d:/programs/stm32/stm32cubeide_1.7.0/stm32cubeide/plugins/com.st.stm32cube.ide.mcu.externaltools.gnu-tools-for-stm32.9-2020-q2-update.win32_2.0.0.202105311346/tools/bin/../lib/gcc/arm-none-eabi/9.3.1/thumb/v7-m/nofp\libgcc.a

.debug_info     0x0000000000000000     0x9561
 .debug_info    0x0000000000000000      0x36f ./Core/Src/FSM.o
 .debug_info    0x000000000000036f      0x333 ./Core/Src/FSM_man.o
 .debug_info    0x00000000000006a2      0x46b ./Core/Src/button.o
 .debug_info    0x0000000000000b0d      0x33d ./Core/Src/display7SEG.o
 .debug_info    0x0000000000000e4a      0x24e ./Core/Src/global.o
 .debug_info    0x0000000000001098      0xca1 ./Core/Src/main.o
 .debug_info    0x0000000000001d39      0xa04 ./Core/Src/stm32f1xx_hal_msp.o
 .debug_info    0x000000000000273d      0x7b4 ./Core/Src/stm32f1xx_it.o
 .debug_info    0x0000000000002ef1      0x2be ./Core/Src/system_stm32f1xx.o
 .debug_info    0x00000000000031af      0x1dd ./Core/Src/timer.o
 .debug_info    0x000000000000338c       0x22 ./Core/Startup/startup_stm32f103c6ux.o
 .debug_info    0x00000000000033ae      0x74c ./Drivers/STM32F1xx_HAL_Driver/Src/stm32f1xx_hal.o
 .debug_info    0x0000000000003afa      0xbbe ./Drivers/STM32F1xx_HAL_Driver/Src/stm32f1xx_hal_cortex.o
 .debug_info    0x00000000000046b8      0x701 ./Drivers/STM32F1xx_HAL_Driver/Src/stm32f1xx_hal_gpio.o
 .debug_info    0x0000000000004db9      0x88e ./Drivers/STM32F1xx_HAL_Driver/Src/stm32f1xx_hal_rcc.o
 .debug_info    0x0000000000005647     0x2a45 ./Drivers/STM32F1xx_HAL_Driver/Src/stm32f1xx_hal_tim.o
 .debug_info    0x000000000000808c     0x14d5 ./Drivers/STM32F1xx_HAL_Driver/Src/stm32f1xx_hal_tim_ex.o

.debug_abbrev   0x0000000000000000     0x1ac7
 .debug_abbrev  0x0000000000000000      0x10e ./Core/Src/FSM.o
 .debug_abbrev  0x000000000000010e       0xff ./Core/Src/FSM_man.o
 .debug_abbrev  0x000000000000020d      0x118 ./Core/Src/button.o
 .debug_abbrev  0x0000000000000325      0x17e ./Core/Src/display7SEG.o
 .debug_abbrev  0x00000000000004a3       0xa9 ./Core/Src/global.o
 .debug_abbrev  0x000000000000054c      0x22c ./Core/Src/main.o
 .debug_abbrev  0x0000000000000778      0x1b7 ./Core/Src/stm32f1xx_hal_msp.o
 .debug_abbrev  0x000000000000092f      0x176 ./Core/Src/stm32f1xx_it.o
 .debug_abbrev  0x0000000000000aa5      0x14e ./Core/Src/system_stm32f1xx.o
 .debug_abbrev  0x0000000000000bf3       0xa3 ./Core/Src/timer.o
 .debug_abbrev  0x0000000000000c96       0x12 ./Core/Startup/startup_stm32f103c6ux.o
 .debug_abbrev  0x0000000000000ca8      0x1ed ./Drivers/STM32F1xx_HAL_Driver/Src/stm32f1xx_hal.o
 .debug_abbrev  0x0000000000000e95      0x313 ./Drivers/STM32F1xx_HAL_Driver/Src/stm32f1xx_hal_cortex.o
 .debug_abbrev  0x00000000000011a8      0x1e8 ./Drivers/STM32F1xx_HAL_Driver/Src/stm32f1xx_hal_gpio.o
 .debug_abbrev  0x0000000000001390      0x273 ./Drivers/STM32F1xx_HAL_Driver/Src/stm32f1xx_hal_rcc.o
 .debug_abbrev  0x0000000000001603      0x25e ./Drivers/STM32F1xx_HAL_Driver/Src/stm32f1xx_hal_tim.o
 .debug_abbrev  0x0000000000001861      0x266 ./Drivers/STM32F1xx_HAL_Driver/Src/stm32f1xx_hal_tim_ex.o

.debug_aranges  0x0000000000000000      0xa50
 .debug_aranges
                0x0000000000000000       0x28 ./Core/Src/FSM.o
 .debug_aranges
                0x0000000000000028       0x20 ./Core/Src/FSM_man.o
 .debug_aranges
                0x0000000000000048       0x30 ./Core/Src/button.o
 .debug_aranges
                0x0000000000000078       0x38 ./Core/Src/display7SEG.o
 .debug_aranges
                0x00000000000000b0       0x18 ./Core/Src/global.o
 .debug_aranges
                0x00000000000000c8       0x48 ./Core/Src/main.o
 .debug_aranges
                0x0000000000000110       0x30 ./Core/Src/stm32f1xx_hal_msp.o
 .debug_aranges
                0x0000000000000140       0x68 ./Core/Src/stm32f1xx_it.o
 .debug_aranges
                0x00000000000001a8       0x28 ./Core/Src/system_stm32f1xx.o
 .debug_aranges
                0x00000000000001d0       0x58 ./Core/Src/timer.o
 .debug_aranges
                0x0000000000000228       0x28 ./Core/Startup/startup_stm32f103c6ux.o
 .debug_aranges
                0x0000000000000250       0xe0 ./Drivers/STM32F1xx_HAL_Driver/Src/stm32f1xx_hal.o
 .debug_aranges
                0x0000000000000330      0x100 ./Drivers/STM32F1xx_HAL_Driver/Src/stm32f1xx_hal_cortex.o
 .debug_aranges
                0x0000000000000430       0x58 ./Drivers/STM32F1xx_HAL_Driver/Src/stm32f1xx_hal_gpio.o
 .debug_aranges
                0x0000000000000488       0x90 ./Drivers/STM32F1xx_HAL_Driver/Src/stm32f1xx_hal_rcc.o
 .debug_aranges
                0x0000000000000518      0x3d0 ./Drivers/STM32F1xx_HAL_Driver/Src/stm32f1xx_hal_tim.o
 .debug_aranges
                0x00000000000008e8      0x168 ./Drivers/STM32F1xx_HAL_Driver/Src/stm32f1xx_hal_tim_ex.o

.debug_ranges   0x0000000000000000      0x940
 .debug_ranges  0x0000000000000000       0x18 ./Core/Src/FSM.o
 .debug_ranges  0x0000000000000018       0x10 ./Core/Src/FSM_man.o
 .debug_ranges  0x0000000000000028       0x20 ./Core/Src/button.o
 .debug_ranges  0x0000000000000048       0x28 ./Core/Src/display7SEG.o
 .debug_ranges  0x0000000000000070       0x38 ./Core/Src/main.o
 .debug_ranges  0x00000000000000a8       0x20 ./Core/Src/stm32f1xx_hal_msp.o
 .debug_ranges  0x00000000000000c8       0x58 ./Core/Src/stm32f1xx_it.o
 .debug_ranges  0x0000000000000120       0x18 ./Core/Src/system_stm32f1xx.o
 .debug_ranges  0x0000000000000138       0x48 ./Core/Src/timer.o
 .debug_ranges  0x0000000000000180       0x20 ./Core/Startup/startup_stm32f103c6ux.o
 .debug_ranges  0x00000000000001a0       0xd0 ./Drivers/STM32F1xx_HAL_Driver/Src/stm32f1xx_hal.o
 .debug_ranges  0x0000000000000270       0xf0 ./Drivers/STM32F1xx_HAL_Driver/Src/stm32f1xx_hal_cortex.o
 .debug_ranges  0x0000000000000360       0x48 ./Drivers/STM32F1xx_HAL_Driver/Src/stm32f1xx_hal_gpio.o
 .debug_ranges  0x00000000000003a8       0x80 ./Drivers/STM32F1xx_HAL_Driver/Src/stm32f1xx_hal_rcc.o
 .debug_ranges  0x0000000000000428      0x3c0 ./Drivers/STM32F1xx_HAL_Driver/Src/stm32f1xx_hal_tim.o
 .debug_ranges  0x00000000000007e8      0x158 ./Drivers/STM32F1xx_HAL_Driver/Src/stm32f1xx_hal_tim_ex.o

.debug_macro    0x0000000000000000    0x16caf
 .debug_macro   0x0000000000000000      0x1e7 ./Core/Src/FSM.o
 .debug_macro   0x00000000000001e7      0xa9c ./Core/Src/FSM.o
 .debug_macro   0x0000000000000c83      0x215 ./Core/Src/FSM.o
 .debug_macro   0x0000000000000e98       0x2e ./Core/Src/FSM.o
 .debug_macro   0x0000000000000ec6       0x22 ./Core/Src/FSM.o
 .debug_macro   0x0000000000000ee8       0x22 ./Core/Src/FSM.o
 .debug_macro   0x0000000000000f0a       0x8e ./Core/Src/FSM.o
 .debug_macro   0x0000000000000f98       0x51 ./Core/Src/FSM.o
 .debug_macro   0x0000000000000fe9      0x103 ./Core/Src/FSM.o
 .debug_macro   0x00000000000010ec       0x6a ./Core/Src/FSM.o
 .debug_macro   0x0000000000001156      0x1df ./Core/Src/FSM.o
 .debug_macro   0x0000000000001335       0x1c ./Core/Src/FSM.o
 .debug_macro   0x0000000000001351       0x22 ./Core/Src/FSM.o
 .debug_macro   0x0000000000001373       0xc3 ./Core/Src/FSM.o
 .debug_macro   0x0000000000001436      0xd23 ./Core/Src/FSM.o
 .debug_macro   0x0000000000002159     0xde75 ./Core/Src/FSM.o
 .debug_macro   0x000000000000ffce       0x6d ./Core/Src/FSM.o
 .debug_macro   0x000000000001003b     0x3468 ./Core/Src/FSM.o
 .debug_macro   0x00000000000134a3      0x174 ./Core/Src/FSM.o
 .debug_macro   0x0000000000013617       0x5c ./Core/Src/FSM.o
 .debug_macro   0x0000000000013673      0x5be ./Core/Src/FSM.o
 .debug_macro   0x0000000000013c31      0x1b7 ./Core/Src/FSM.o
 .debug_macro   0x0000000000013de8      0x1cb ./Core/Src/FSM.o
 .debug_macro   0x0000000000013fb3      0x114 ./Core/Src/FSM.o
 .debug_macro   0x00000000000140c7      0x1b2 ./Core/Src/FSM.o
 .debug_macro   0x0000000000014279       0x27 ./Core/Src/FSM.o
 .debug_macro   0x00000000000142a0      0x12f ./Core/Src/FSM.o
 .debug_macro   0x00000000000143cf      0x1bc ./Core/Src/FSM.o
 .debug_macro   0x000000000001458b       0x34 ./Core/Src/FSM.o
 .debug_macro   0x00000000000145bf       0x3c ./Core/Src/FSM.o
 .debug_macro   0x00000000000145fb       0x57 ./Core/Src/FSM.o
 .debug_macro   0x0000000000014652       0x88 ./Core/Src/FSM.o
 .debug_macro   0x00000000000146da      0x183 ./Core/Src/FSM.o
 .debug_macro   0x000000000001485d      0x141 ./Core/Src/FSM.o
 .debug_macro   0x000000000001499e      0x8d1 ./Core/Src/FSM.o
 .debug_macro   0x000000000001526f       0x69 ./Core/Src/FSM.o
 .debug_macro   0x00000000000152d8       0xf4 ./Core/Src/FSM.o
 .debug_macro   0x00000000000153cc       0x46 ./Core/Src/FSM.o
 .debug_macro   0x0000000000015412       0x16 ./Core/Src/FSM.o
 .debug_macro   0x0000000000015428      0x1eb ./Core/Src/FSM_man.o
 .debug_macro   0x0000000000015613      0x1eb ./Core/Src/button.o
 .debug_macro   0x00000000000157fe      0x1bb ./Core/Src/display7SEG.o
 .debug_macro   0x00000000000159b9      0x1ca ./Core/Src/global.o
 .debug_macro   0x0000000000015b83      0x1ef ./Core/Src/main.o
 .debug_macro   0x0000000000015d72      0x1a7 ./Core/Src/stm32f1xx_hal_msp.o
 .debug_macro   0x0000000000015f19      0x1b1 ./Core/Src/stm32f1xx_it.o
 .debug_macro   0x00000000000160ca      0x198 ./Core/Src/system_stm32f1xx.o
 .debug_macro   0x0000000000016262       0x1b ./Core/Src/timer.o
 .debug_macro   0x000000000001627d      0x1bc ./Drivers/STM32F1xx_HAL_Driver/Src/stm32f1xx_hal.o
 .debug_macro   0x0000000000016439      0x198 ./Drivers/STM32F1xx_HAL_Driver/Src/stm32f1xx_hal_cortex.o
 .debug_macro   0x00000000000165d1      0x203 ./Drivers/STM32F1xx_HAL_Driver/Src/stm32f1xx_hal_gpio.o
 .debug_macro   0x00000000000167d4      0x1aa ./Drivers/STM32F1xx_HAL_Driver/Src/stm32f1xx_hal_rcc.o
 .debug_macro   0x000000000001697e      0x199 ./Drivers/STM32F1xx_HAL_Driver/Src/stm32f1xx_hal_tim.o
 .debug_macro   0x0000000000016b17      0x198 ./Drivers/STM32F1xx_HAL_Driver/Src/stm32f1xx_hal_tim_ex.o

.debug_line     0x0000000000000000     0xbc26
 .debug_line    0x0000000000000000      0x7d1 ./Core/Src/FSM.o
 .debug_line    0x00000000000007d1      0x859 ./Core/Src/FSM_man.o
 .debug_line    0x000000000000102a      0x811 ./Core/Src/button.o
 .debug_line    0x000000000000183b      0x7cb ./Core/Src/display7SEG.o
 .debug_line    0x0000000000002006      0x699 ./Core/Src/global.o
 .debug_line    0x000000000000269f      0x80b ./Core/Src/main.o
 .debug_line    0x0000000000002eaa      0x6d1 ./Core/Src/stm32f1xx_hal_msp.o
 .debug_line    0x000000000000357b      0x76f ./Core/Src/stm32f1xx_it.o
 .debug_line    0x0000000000003cea      0x713 ./Core/Src/system_stm32f1xx.o
 .debug_line    0x00000000000043fd      0x157 ./Core/Src/timer.o
 .debug_line    0x0000000000004554       0x87 ./Core/Startup/startup_stm32f103c6ux.o
 .debug_line    0x00000000000045db      0x940 ./Drivers/STM32F1xx_HAL_Driver/Src/stm32f1xx_hal.o
 .debug_line    0x0000000000004f1b      0xb28 ./Drivers/STM32F1xx_HAL_Driver/Src/stm32f1xx_hal_cortex.o
 .debug_line    0x0000000000005a43      0x9c1 ./Drivers/STM32F1xx_HAL_Driver/Src/stm32f1xx_hal_gpio.o
 .debug_line    0x0000000000006404      0xd4e ./Drivers/STM32F1xx_HAL_Driver/Src/stm32f1xx_hal_rcc.o
 .debug_line    0x0000000000007152     0x329e ./Drivers/STM32F1xx_HAL_Driver/Src/stm32f1xx_hal_tim.o
 .debug_line    0x000000000000a3f0     0x1836 ./Drivers/STM32F1xx_HAL_Driver/Src/stm32f1xx_hal_tim_ex.o

.debug_str      0x0000000000000000    0x82195
 .debug_str     0x0000000000000000    0x7f6bd ./Core/Src/FSM.o
                                      0x7fa01 (size before relaxing)
 .debug_str     0x000000000007f6bd       0x22 ./Core/Src/FSM_man.o
                                      0x7f9ff (size before relaxing)
 .debug_str     0x000000000007f6df       0xc3 ./Core/Src/button.o
                                      0x7fab6 (size before relaxing)
 .debug_str     0x000000000007f7a2       0x50 ./Core/Src/display7SEG.o
                                      0x7f8e1 (size before relaxing)
 .debug_str     0x000000000007f7f2       0x15 ./Core/Src/global.o
                                      0x7f924 (size before relaxing)
 .debug_str     0x000000000007f807      0x6df ./Core/Src/main.o
                                      0x80182 (size before relaxing)
 .debug_str     0x000000000007fee6      0x2ba ./Core/Src/stm32f1xx_hal_msp.o
                                      0x7ffea (size before relaxing)
 .debug_str     0x00000000000801a0       0xcd ./Core/Src/stm32f1xx_it.o
                                      0x7fd4c (size before relaxing)
 .debug_str     0x000000000008026d       0x52 ./Core/Src/system_stm32f1xx.o
                                      0x7f4f2 (size before relaxing)
 .debug_str     0x00000000000802bf       0x6d ./Core/Src/timer.o
                                       0x2e29 (size before relaxing)
 .debug_str     0x000000000008032c       0x36 ./Core/Startup/startup_stm32f103c6ux.o
                                         0x5d (size before relaxing)
 .debug_str     0x0000000000080362      0x304 ./Drivers/STM32F1xx_HAL_Driver/Src/stm32f1xx_hal.o
                                      0x7fb49 (size before relaxing)
 .debug_str     0x0000000000080666      0x300 ./Drivers/STM32F1xx_HAL_Driver/Src/stm32f1xx_hal_cortex.o
                                      0x7fb51 (size before relaxing)
 .debug_str     0x0000000000080966      0x324 ./Drivers/STM32F1xx_HAL_Driver/Src/stm32f1xx_hal_gpio.o
                                      0x7f8b6 (size before relaxing)
 .debug_str     0x0000000000080c8a      0x24f ./Drivers/STM32F1xx_HAL_Driver/Src/stm32f1xx_hal_rcc.o
                                      0x7f8ef (size before relaxing)
 .debug_str     0x0000000000080ed9      0xdce ./Drivers/STM32F1xx_HAL_Driver/Src/stm32f1xx_hal_tim.o
                                      0x808c1 (size before relaxing)
 .debug_str     0x0000000000081ca7      0x4ee ./Drivers/STM32F1xx_HAL_Driver/Src/stm32f1xx_hal_tim_ex.o
                                      0x80072 (size before relaxing)

.comment        0x0000000000000000       0x53
 .comment       0x0000000000000000       0x53 ./Core/Src/FSM.o
                                         0x54 (size before relaxing)
 .comment       0x0000000000000053       0x54 ./Core/Src/FSM_man.o
 .comment       0x0000000000000053       0x54 ./Core/Src/button.o
 .comment       0x0000000000000053       0x54 ./Core/Src/display7SEG.o
 .comment       0x0000000000000053       0x54 ./Core/Src/global.o
 .comment       0x0000000000000053       0x54 ./Core/Src/main.o
 .comment       0x0000000000000053       0x54 ./Core/Src/stm32f1xx_hal_msp.o
 .comment       0x0000000000000053       0x54 ./Core/Src/stm32f1xx_it.o
 .comment       0x0000000000000053       0x54 ./Core/Src/system_stm32f1xx.o
 .comment       0x0000000000000053       0x54 ./Core/Src/timer.o
 .comment       0x0000000000000053       0x54 ./Drivers/STM32F1xx_HAL_Driver/Src/stm32f1xx_hal.o
 .comment       0x0000000000000053       0x54 ./Drivers/STM32F1xx_HAL_Driver/Src/stm32f1xx_hal_cortex.o
 .comment       0x0000000000000053       0x54 ./Drivers/STM32F1xx_HAL_Driver/Src/stm32f1xx_hal_gpio.o
 .comment       0x0000000000000053       0x54 ./Drivers/STM32F1xx_HAL_Driver/Src/stm32f1xx_hal_rcc.o
 .comment       0x0000000000000053       0x54 ./Drivers/STM32F1xx_HAL_Driver/Src/stm32f1xx_hal_tim.o
 .comment       0x0000000000000053       0x54 ./Drivers/STM32F1xx_HAL_Driver/Src/stm32f1xx_hal_tim_ex.o

.debug_frame    0x0000000000000000     0x286c
 .debug_frame   0x0000000000000000       0x48 ./Core/Src/FSM.o
 .debug_frame   0x0000000000000048       0x2c ./Core/Src/FSM_man.o
 .debug_frame   0x0000000000000074       0x64 ./Core/Src/button.o
 .debug_frame   0x00000000000000d8       0x98 ./Core/Src/display7SEG.o
 .debug_frame   0x0000000000000170       0xd4 ./Core/Src/main.o
 .debug_frame   0x0000000000000244       0x80 ./Core/Src/stm32f1xx_hal_msp.o
 .debug_frame   0x00000000000002c4      0x120 ./Core/Src/stm32f1xx_it.o
 .debug_frame   0x00000000000003e4       0x58 ./Core/Src/system_stm32f1xx.o
 .debug_frame   0x000000000000043c      0x130 ./Core/Src/timer.o
 .debug_frame   0x000000000000056c      0x334 ./Drivers/STM32F1xx_HAL_Driver/Src/stm32f1xx_hal.o
 .debug_frame   0x00000000000008a0      0x428 ./Drivers/STM32F1xx_HAL_Driver/Src/stm32f1xx_hal_cortex.o
 .debug_frame   0x0000000000000cc8      0x14c ./Drivers/STM32F1xx_HAL_Driver/Src/stm32f1xx_hal_gpio.o
 .debug_frame   0x0000000000000e14      0x21c ./Drivers/STM32F1xx_HAL_Driver/Src/stm32f1xx_hal_rcc.o
 .debug_frame   0x0000000000001030     0x11b8 ./Drivers/STM32F1xx_HAL_Driver/Src/stm32f1xx_hal_tim.o
 .debug_frame   0x00000000000021e8      0x638 ./Drivers/STM32F1xx_HAL_Driver/Src/stm32f1xx_hal_tim_ex.o
 .debug_frame   0x0000000000002820       0x2c d:/programs/stm32/stm32cubeide_1.7.0/stm32cubeide/plugins/com.st.stm32cube.ide.mcu.externaltools.gnu-tools-for-stm32.9-2020-q2-update.win32_2.0.0.202105311346/tools/bin/../lib/gcc/arm-none-eabi/9.3.1/../../../../arm-none-eabi/lib/thumb/v7-m/nofp\libc_nano.a(lib_a-init.o)
 .debug_frame   0x000000000000284c       0x20 d:/programs/stm32/stm32cubeide_1.7.0/stm32cubeide/plugins/com.st.stm32cube.ide.mcu.externaltools.gnu-tools-for-stm32.9-2020-q2-update.win32_2.0.0.202105311346/tools/bin/../lib/gcc/arm-none-eabi/9.3.1/../../../../arm-none-eabi/lib/thumb/v7-m/nofp\libc_nano.a(lib_a-memset.o)
